exports[`JsonParser: parse throws an error if action property is not in an object 1`] = `
"
        The json provided must be an array of { combo, action } object. Example
          [
            { action: \'openWindow\', combo: \'ctrl a\' }
          ]
      "
`;

exports[`JsonParser: parse throws an error if an object is empty 1`] = `
"
        The json provided must be an array of { combo, action } object. Example
          [
            { action: \'openWindow\', combo: \'ctrl a\' }
          ]
      "
`;

exports[`JsonParser: parse throws an error if combo property is not in an object 1`] = `
"
        The json provided must be an array of { combo, action } object. Example
          [
            { action: \'openWindow\', combo: \'ctrl a\' }
          ]
      "
`;

exports[`JsonParser: parse throws an error if json is not array 1`] = `"The json provided must be an array"`;
